Copyright 1986-2022 Xilinx, Inc. All Rights Reserved. Copyright 2022-2025 Advanced Micro Devices, Inc. All Rights Reserved.
---------------------------------------------------------------------------------------------------------------------------------------------
| Tool Version : Vivado v.2025.2 (lin64) Build 6299465 Fri Nov 14 12:34:56 MST 2025
| Date         : Wed Sep 23 14:36:51 2026
| Host         : Tyrion running 64-bit Ubuntu 26.04.1 LTS
| Command      : report_control_sets -verbose -file vga_wrapper_control_sets_placed.rpt
| Design       : vga_wrapper
| Device       : xc7z007s
---------------------------------------------------------------------------------------------------------------------------------------------

Control Set Information

Table of Contents
-----------------
1. Summary
2. Histogram
3. Flip-Flop Distribution
4. Detailed Control Set Information

1. Summary
----------

+----------------------------------------------------------+-------+
|                          Status                          | Count |
+----------------------------------------------------------+-------+
| Total control sets                                       |     4 |
|    Minimum number of control sets                        |     4 |
|    Addition due to synthesis replication                 |     0 |
|    Addition due to physical synthesis replication        |     0 |
| Unused register locations in slices containing registers |    18 |
+----------------------------------------------------------+-------+
* Control sets can be merged at opt_design using control_set_merge or merge_equivalent_drivers
** Run report_qor_suggestions for automated merging and remapping suggestions


2. Histogram
------------

+--------------------+-------+
|       Fanout       | Count |
+--------------------+-------+
| Total control sets |     4 |
| >= 0 to < 4        |     0 |
| >= 4 to < 6        |     0 |
| >= 6 to < 8        |     0 |
| >= 8 to < 10       |     0 |
| >= 10 to < 12      |     2 |
| >= 12 to < 14      |     0 |
| >= 14 to < 16      |     0 |
| >= 16              |     2 |
+--------------------+-------+
* Control sets can be remapped at either synth_design or opt_design


3. Flip-Flop Distribution
-------------------------

+--------------+-----------------------+------------------------+-----------------+--------------+
| Clock Enable | Synchronous Set/Reset | Asynchronous Set/Reset | Total Registers | Total Slices |
+--------------+-----------------------+------------------------+-----------------+--------------+
| No           | No                    | No                     |              88 |           29 |
| No           | No                    | Yes                    |              42 |           19 |
| No           | Yes                   | No                     |              10 |            4 |
| Yes          | No                    | No                     |               0 |            0 |
| Yes          | No                    | Yes                    |               0 |            0 |
| Yes          | Yes                   | No                     |              10 |            4 |
+--------------+-----------------------+------------------------+-----------------+--------------+


4. Detailed Control Set Information
-----------------------------------

+------------------------+-----------------------------+---------------------------------------+------------------+----------------+--------------+
|      Clock Signal      |        Enable Signal        |            Set/Reset Signal           | Slice Load Count | Bel Load Count | Bels / Slice |
+------------------------+-----------------------------+---------------------------------------+------------------+----------------+--------------+
|  clk_wiz/inst/clk_out1 |                             | vga/horizontal_counter/val[9]_i_1_n_0 |                4 |             10 |         2.50 |
|  clk_wiz/inst/clk_out1 | vga/horizontal_counter/E[0] | vga/vertical_counter/vga_rst          |                4 |             10 |         2.50 |
|  clk_wiz/inst/clk_out1 |                             | vga_to_hdmi/inst/encr/AR[0]           |               19 |             42 |         2.21 |
|  clk_wiz/inst/clk_out1 |                             |                                       |               32 |            116 |         3.62 |
+------------------------+-----------------------------+---------------------------------------+------------------+----------------+--------------+


