
*** Running vivado
    with args -log vga_wrapper.vds -m64 -product Vivado -mode batch -messageDb vivado.pb -notrace -source vga_wrapper.tcl


****** Vivado v2025.2 (64-bit)
  **** SW Build 6299465 on Fri Nov 14 12:34:56 MST 2025
  **** IP Build 6300035 on Fri Nov 14 10:48:45 MST 2025
  **** SharedData Build 6298862 on Thu Nov 13 04:50:51 MST 2025
  **** Start of session at: Wed Sep 23 16:23:55 2026
    ** Copyright 1986-2022 Xilinx, Inc. All Rights Reserved.
    ** Copyright 2022-2025 Advanced Micro Devices, Inc. All Rights Reserved.

Sourcing tcl script '/home/dabingster/.Xilinx/Vivado/Vivado_init.tcl'
source vga_wrapper.tcl -notrace
WARNING: [Board 49-91] Board repository path '/home/dabingster/Public/AMD/2026.1/data/xhub/boards/XilinxBoardStore/boards/Xilinx/linux-blackboard/board_files' does not exist, it will not be used to search board files.
INFO: [IP_Flow 19-234] Refreshing IP repositories
INFO: [IP_Flow 19-1700] Loaded user IP repository '/home/dabingster/Public/WSU/EE 324/EE-324/Project1/RD_hdmi_ip2020'.
INFO: [IP_Flow 19-2313] Loaded Vivado IP repository '/home/dabingster/Public/AMD/2025.2/data/ip'.
Command: read_checkpoint -auto_incremental -incremental {/home/dabingster/Public/WSU/EE 324/EE-324/Project1/Project1.5.2025/Project1.5.2025.srcs/utils_1/imports/synth_1/vga_wrapper.dcp}
INFO: [Vivado 12-5825] Read reference checkpoint from /home/dabingster/Public/WSU/EE 324/EE-324/Project1/Project1.5.2025/Project1.5.2025.srcs/utils_1/imports/synth_1/vga_wrapper.dcp for incremental synthesis
INFO: [Vivado 12-7989] Please ensure there are no constraint changes
Command: synth_design -top vga_wrapper -part xc7z007sclg400-1
Starting synth_design
Attempting to get a license for feature 'Synthesis' and/or device 'xc7z007s'
INFO: [Common 17-349] Got license for feature 'Synthesis' and/or device 'xc7z007s'
INFO: [Device 21-403] Loading part xc7z007sclg400-1
INFO: [Designutils 20-5440] No compile time benefit to using incremental synthesis; A full resynthesis will be run
INFO: [Designutils 20-4379] Flow is switching to default flow due to incremental criteria not met. If you would like to alter this behaviour and have the flow terminate instead, please set the following parameter config_implementation {autoIncr.Synth.RejectBehavior Terminate}
INFO: [Synth 8-7079] Multithreading enabled for synth_design using a maximum of 7 processes.
INFO: [Synth 8-7078] Launching helper process for spawning children vivado processes
INFO: [Synth 8-7075] Helper process launched with PID 303278
---------------------------------------------------------------------------------
Starting RTL Elaboration : Time (s): cpu = 00:00:04 ; elapsed = 00:00:04 . Memory (MB): peak = 2306.961 ; gain = 485.156 ; free physical = 1453 ; free virtual = 25634
---------------------------------------------------------------------------------
INFO: [Synth 8-6157] synthesizing module 'vga_wrapper' [/home/dabingster/Public/WSU/EE 324/EE-324/Project1/Project1.5.2025/Project1.5.2025.srcs/sources_1/imports/sources_1/new/vga_wrapper.v:23]
INFO: [Synth 8-6157] synthesizing module 'clk_wiz_0' [/home/dabingster/Public/WSU/EE 324/EE-324/Project1/Project1.5.2025/Project1.5.2025.runs/synth_1/.Xil/Vivado-303219-Tyrion/realtime/clk_wiz_0_stub.v:6]
INFO: [Synth 8-6155] done synthesizing module 'clk_wiz_0' (0#1) [/home/dabingster/Public/WSU/EE 324/EE-324/Project1/Project1.5.2025/Project1.5.2025.runs/synth_1/.Xil/Vivado-303219-Tyrion/realtime/clk_wiz_0_stub.v:6]
INFO: [Synth 8-6157] synthesizing module 'vga_sync' [/home/dabingster/Public/WSU/EE 324/EE-324/Project1/Project1.5.2025/Project1.5.2025.srcs/sources_1/imports/sources_1/new/vga_sync.v:22]
INFO: [Synth 8-6157] synthesizing module 'bin_count' [/home/dabingster/Public/WSU/EE 324/EE-324/Project1/Project1.5.2025/Project1.5.2025.srcs/sources_1/imports/sources_1/imports/new/bin_count.v:23]
	Parameter MAX_COUNT bound to: 799 - type: integer 
	Parameter WIDTH bound to: 10 - type: integer 
INFO: [Synth 8-6155] done synthesizing module 'bin_count' (0#1) [/home/dabingster/Public/WSU/EE 324/EE-324/Project1/Project1.5.2025/Project1.5.2025.srcs/sources_1/imports/sources_1/imports/new/bin_count.v:23]
INFO: [Synth 8-6157] synthesizing module 'bin_count__parameterized0' [/home/dabingster/Public/WSU/EE 324/EE-324/Project1/Project1.5.2025/Project1.5.2025.srcs/sources_1/imports/sources_1/imports/new/bin_count.v:23]
	Parameter MAX_COUNT bound to: 524 - type: integer 
	Parameter WIDTH bound to: 10 - type: integer 
INFO: [Synth 8-6155] done synthesizing module 'bin_count__parameterized0' (0#1) [/home/dabingster/Public/WSU/EE 324/EE-324/Project1/Project1.5.2025/Project1.5.2025.srcs/sources_1/imports/sources_1/imports/new/bin_count.v:23]
INFO: [Synth 8-6155] done synthesizing module 'vga_sync' (0#1) [/home/dabingster/Public/WSU/EE 324/EE-324/Project1/Project1.5.2025/Project1.5.2025.srcs/sources_1/imports/sources_1/new/vga_sync.v:22]
INFO: [Synth 8-6157] synthesizing module 'hdmi_tx_0' [/home/dabingster/Public/WSU/EE 324/EE-324/Project1/Project1.5.2025/Project1.5.2025.runs/synth_1/.Xil/Vivado-303219-Tyrion/realtime/hdmi_tx_0_stub.v:6]
INFO: [Synth 8-6155] done synthesizing module 'hdmi_tx_0' (0#1) [/home/dabingster/Public/WSU/EE 324/EE-324/Project1/Project1.5.2025/Project1.5.2025.runs/synth_1/.Xil/Vivado-303219-Tyrion/realtime/hdmi_tx_0_stub.v:6]
INFO: [Synth 8-6155] done synthesizing module 'vga_wrapper' (0#1) [/home/dabingster/Public/WSU/EE 324/EE-324/Project1/Project1.5.2025/Project1.5.2025.srcs/sources_1/imports/sources_1/new/vga_wrapper.v:23]
---------------------------------------------------------------------------------
Finished RTL Elaboration : Time (s): cpu = 00:00:05 ; elapsed = 00:00:06 . Memory (MB): peak = 2393.930 ; gain = 572.125 ; free physical = 1374 ; free virtual = 25556
---------------------------------------------------------------------------------
---------------------------------------------------------------------------------
Start Handling Custom Attributes
---------------------------------------------------------------------------------
---------------------------------------------------------------------------------
Finished Handling Custom Attributes : Time (s): cpu = 00:00:05 ; elapsed = 00:00:06 . Memory (MB): peak = 2408.773 ; gain = 586.969 ; free physical = 1374 ; free virtual = 25556
---------------------------------------------------------------------------------
---------------------------------------------------------------------------------
Finished RTL Optimization Phase 1 : Time (s): cpu = 00:00:05 ; elapsed = 00:00:06 . Memory (MB): peak = 2408.773 ; gain = 586.969 ; free physical = 1374 ; free virtual = 25556
---------------------------------------------------------------------------------
Netlist sorting complete. Time (s): cpu = 00:00:00 ; elapsed = 00:00:00 . Memory (MB): peak = 2408.773 ; gain = 0.000 ; free physical = 1374 ; free virtual = 25556
INFO: [Project 1-570] Preparing netlist for logic optimization

Processing XDC Constraints
Initializing timing engine
Parsing XDC File [/home/dabingster/Public/WSU/EE 324/EE-324/Project1/Project1.5.2025/Project1.5.2025.gen/sources_1/ip/hdmi_tx_0/hdmi_tx_0/hdmi_tx_0_in_context.xdc] for cell 'vga_to_hdmi'
Finished Parsing XDC File [/home/dabingster/Public/WSU/EE 324/EE-324/Project1/Project1.5.2025/Project1.5.2025.gen/sources_1/ip/hdmi_tx_0/hdmi_tx_0/hdmi_tx_0_in_context.xdc] for cell 'vga_to_hdmi'
Parsing XDC File [/home/dabingster/Public/WSU/EE 324/EE-324/Project1/Project1.5.2025/Project1.5.2025.gen/sources_1/ip/clk_wiz_0/clk_wiz_0/clk_wiz_0_in_context.xdc] for cell 'clk_wiz'
Finished Parsing XDC File [/home/dabingster/Public/WSU/EE 324/EE-324/Project1/Project1.5.2025/Project1.5.2025.gen/sources_1/ip/clk_wiz_0/clk_wiz_0/clk_wiz_0_in_context.xdc] for cell 'clk_wiz'
Parsing XDC File [/home/dabingster/Public/WSU/EE 324/EE-324/Project1/Project1.5.2025/Project1.5.2025.srcs/constrs_1/imports/new/vga_wrap.xdc]
Finished Parsing XDC File [/home/dabingster/Public/WSU/EE 324/EE-324/Project1/Project1.5.2025/Project1.5.2025.srcs/constrs_1/imports/new/vga_wrap.xdc]
INFO: [Project 1-236] Implementation specific constraints were found while reading constraint file [/home/dabingster/Public/WSU/EE 324/EE-324/Project1/Project1.5.2025/Project1.5.2025.srcs/constrs_1/imports/new/vga_wrap.xdc]. These constraints will be ignored for synthesis but will be used in implementation. Impacted constraints are listed in the file [.Xil/vga_wrapper_propImpl.xdc].
Resolution: To avoid this warning, move constraints listed in [.Xil/vga_wrapper_propImpl.xdc] to another XDC file and exclude this new file from synthesis with the used_in_synthesis property (File Properties dialog in GUI) and re-run elaboration/synthesis.
Parsing XDC File [/home/dabingster/Public/WSU/EE 324/EE-324/Project1/Project1.5.2025/Project1.5.2025.runs/synth_1/dont_touch.xdc]
Finished Parsing XDC File [/home/dabingster/Public/WSU/EE 324/EE-324/Project1/Project1.5.2025/Project1.5.2025.runs/synth_1/dont_touch.xdc]
Completed Processing XDC Constraints

Netlist sorting complete. Time (s): cpu = 00:00:00 ; elapsed = 00:00:00 . Memory (MB): peak = 2500.512 ; gain = 0.000 ; free physical = 1381 ; free virtual = 25563
INFO: [Project 1-111] Unisim Transformation Summary:
No Unisim elements were transformed.

lscpu: bad usage
Try 'lscpu --help' for more information.
Constraint Validation Runtime : Time (s): cpu = 00:00:00 ; elapsed = 00:00:00 . Memory (MB): peak = 2500.547 ; gain = 0.000 ; free physical = 1381 ; free virtual = 25563
INFO: [Designutils 20-5440] No compile time benefit to using incremental synthesis; A full resynthesis will be run
INFO: [Designutils 20-4379] Flow is switching to default flow due to incremental criteria not met. If you would like to alter this behaviour and have the flow terminate instead, please set the following parameter config_implementation {autoIncr.Synth.RejectBehavior Terminate}
---------------------------------------------------------------------------------
Finished Constraint Validation : Time (s): cpu = 00:00:12 ; elapsed = 00:00:12 . Memory (MB): peak = 2500.547 ; gain = 678.742 ; free physical = 1409 ; free virtual = 25591
---------------------------------------------------------------------------------
---------------------------------------------------------------------------------
Start Loading Part and Timing Information
---------------------------------------------------------------------------------
Loading part: xc7z007sclg400-1
---------------------------------------------------------------------------------
Finished Loading Part and Timing Information : Time (s): cpu = 00:00:12 ; elapsed = 00:00:12 . Memory (MB): peak = 2508.516 ; gain = 686.711 ; free physical = 1409 ; free virtual = 25591
---------------------------------------------------------------------------------
---------------------------------------------------------------------------------
Start Applying 'set_property' XDC Constraints
---------------------------------------------------------------------------------
---------------------------------------------------------------------------------
Finished applying 'set_property' XDC Constraints : Time (s): cpu = 00:00:12 ; elapsed = 00:00:12 . Memory (MB): peak = 2508.516 ; gain = 686.711 ; free physical = 1409 ; free virtual = 25591
---------------------------------------------------------------------------------
---------------------------------------------------------------------------------
Finished RTL Optimization Phase 2 : Time (s): cpu = 00:00:12 ; elapsed = 00:00:12 . Memory (MB): peak = 2508.516 ; gain = 686.711 ; free physical = 1408 ; free virtual = 25590
---------------------------------------------------------------------------------
---------------------------------------------------------------------------------
Start RTL Component Statistics 
---------------------------------------------------------------------------------
Detailed RTL Component Info : 
+---Adders : 
	   2 Input   10 Bit       Adders := 2     
+---Registers : 
	               10 Bit    Registers := 2     
+---Muxes : 
	   2 Input    8 Bit        Muxes := 1     
---------------------------------------------------------------------------------
Finished RTL Component Statistics 
---------------------------------------------------------------------------------
---------------------------------------------------------------------------------
Start Part Resource Summary
---------------------------------------------------------------------------------
Part Resources:
DSPs: 66 (col length:40)
BRAMs: 100 (col length: RAMB18 40 RAMB36 20)
---------------------------------------------------------------------------------
Finished Part Resource Summary
---------------------------------------------------------------------------------
---------------------------------------------------------------------------------
Start Cross Boundary and Area Optimization
---------------------------------------------------------------------------------
---------------------------------------------------------------------------------
Finished Cross Boundary and Area Optimization : Time (s): cpu = 00:00:14 ; elapsed = 00:00:15 . Memory (MB): peak = 2508.516 ; gain = 686.711 ; free physical = 1404 ; free virtual = 25591
---------------------------------------------------------------------------------
---------------------------------------------------------------------------------
Start Applying XDC Timing Constraints
---------------------------------------------------------------------------------
---------------------------------------------------------------------------------
Finished Applying XDC Timing Constraints : Time (s): cpu = 00:00:20 ; elapsed = 00:00:20 . Memory (MB): peak = 2582.516 ; gain = 760.711 ; free physical = 1341 ; free virtual = 25528
---------------------------------------------------------------------------------
---------------------------------------------------------------------------------
Start Timing Optimization
---------------------------------------------------------------------------------
---------------------------------------------------------------------------------
Finished Timing Optimization : Time (s): cpu = 00:00:20 ; elapsed = 00:00:20 . Memory (MB): peak = 2611.562 ; gain = 789.758 ; free physical = 1309 ; free virtual = 25496
---------------------------------------------------------------------------------
---------------------------------------------------------------------------------
Start Technology Mapping
---------------------------------------------------------------------------------
---------------------------------------------------------------------------------
Finished Technology Mapping : Time (s): cpu = 00:00:20 ; elapsed = 00:00:20 . Memory (MB): peak = 2611.562 ; gain = 789.758 ; free physical = 1309 ; free virtual = 25496
---------------------------------------------------------------------------------
---------------------------------------------------------------------------------
Start IO Insertion
---------------------------------------------------------------------------------
---------------------------------------------------------------------------------
Start Flattening Before IO Insertion
---------------------------------------------------------------------------------
---------------------------------------------------------------------------------
Finished Flattening Before IO Insertion
---------------------------------------------------------------------------------
---------------------------------------------------------------------------------
Start Final Netlist Cleanup
---------------------------------------------------------------------------------
---------------------------------------------------------------------------------
Finished Final Netlist Cleanup
---------------------------------------------------------------------------------
---------------------------------------------------------------------------------
Finished IO Insertion : Time (s): cpu = 00:00:24 ; elapsed = 00:00:24 . Memory (MB): peak = 2780.375 ; gain = 958.570 ; free physical = 1170 ; free virtual = 25357
---------------------------------------------------------------------------------
---------------------------------------------------------------------------------
Start Renaming Generated Instances
---------------------------------------------------------------------------------
---------------------------------------------------------------------------------
Finished Renaming Generated Instances : Time (s): cpu = 00:00:24 ; elapsed = 00:00:24 . Memory (MB): peak = 2780.375 ; gain = 958.570 ; free physical = 1169 ; free virtual = 25357
---------------------------------------------------------------------------------
---------------------------------------------------------------------------------
Start Rebuilding User Hierarchy
---------------------------------------------------------------------------------
---------------------------------------------------------------------------------
Finished Rebuilding User Hierarchy : Time (s): cpu = 00:00:24 ; elapsed = 00:00:24 . Memory (MB): peak = 2780.375 ; gain = 958.570 ; free physical = 1169 ; free virtual = 25357
---------------------------------------------------------------------------------
---------------------------------------------------------------------------------
Start Renaming Generated Ports
---------------------------------------------------------------------------------
---------------------------------------------------------------------------------
Finished Renaming Generated Ports : Time (s): cpu = 00:00:24 ; elapsed = 00:00:24 . Memory (MB): peak = 2780.375 ; gain = 958.570 ; free physical = 1169 ; free virtual = 25357
---------------------------------------------------------------------------------
---------------------------------------------------------------------------------
Start Handling Custom Attributes
---------------------------------------------------------------------------------
---------------------------------------------------------------------------------
Finished Handling Custom Attributes : Time (s): cpu = 00:00:24 ; elapsed = 00:00:24 . Memory (MB): peak = 2780.375 ; gain = 958.570 ; free physical = 1169 ; free virtual = 25357
---------------------------------------------------------------------------------
---------------------------------------------------------------------------------
Start Renaming Generated Nets
---------------------------------------------------------------------------------
---------------------------------------------------------------------------------
Finished Renaming Generated Nets : Time (s): cpu = 00:00:24 ; elapsed = 00:00:24 . Memory (MB): peak = 2780.375 ; gain = 958.570 ; free physical = 1169 ; free virtual = 25357
---------------------------------------------------------------------------------
---------------------------------------------------------------------------------
Start Writing Synthesis Report
---------------------------------------------------------------------------------

Report BlackBoxes: 
+------+--------------+----------+
|      |BlackBox name |Instances |
+------+--------------+----------+
|1     |clk_wiz_0     |         1|
|2     |hdmi_tx_0     |         1|
+------+--------------+----------+

Report Cell Usage: 
+------+--------+------+
|      |Cell    |Count |
+------+--------+------+
|1     |clk_wiz |     1|
|2     |hdmi_tx |     1|
|3     |LUT1    |     1|
|4     |LUT2    |     5|
|5     |LUT3    |     5|
|6     |LUT4    |     6|
|7     |LUT5    |     8|
|8     |LUT6    |    15|
|9     |FDRE    |    20|
|10    |IBUF    |     1|
+------+--------+------+
---------------------------------------------------------------------------------
Finished Writing Synthesis Report : Time (s): cpu = 00:00:24 ; elapsed = 00:00:24 . Memory (MB): peak = 2780.375 ; gain = 958.570 ; free physical = 1169 ; free virtual = 25357
---------------------------------------------------------------------------------
Synthesis finished with 0 errors, 0 critical warnings and 0 warnings.
Synthesis Optimization Runtime : Time (s): cpu = 00:00:22 ; elapsed = 00:00:23 . Memory (MB): peak = 2780.375 ; gain = 866.797 ; free physical = 1169 ; free virtual = 25357
Synthesis Optimization Complete : Time (s): cpu = 00:00:24 ; elapsed = 00:00:24 . Memory (MB): peak = 2780.383 ; gain = 958.570 ; free physical = 1169 ; free virtual = 25357
INFO: [Project 1-571] Translating synthesized netlist
Netlist sorting complete. Time (s): cpu = 00:00:00 ; elapsed = 00:00:00 . Memory (MB): peak = 2780.383 ; gain = 0.000 ; free physical = 1169 ; free virtual = 25357
INFO: [Project 1-570] Preparing netlist for logic optimization
INFO: [Opt 31-138] Pushed 0 inverter(s) to 0 load pin(s).
Netlist sorting complete. Time (s): cpu = 00:00:00 ; elapsed = 00:00:00 . Memory (MB): peak = 2836.402 ; gain = 0.000 ; free physical = 1339 ; free virtual = 25526
INFO: [Project 1-111] Unisim Transformation Summary:
No Unisim elements were transformed.

lscpu: bad usage
Try 'lscpu --help' for more information.
Synth Design complete | Checksum: 15bc485f
INFO: [Common 17-83] Releasing license: Synthesis
34 Infos, 1 Warnings, 0 Critical Warnings and 0 Errors encountered.
synth_design completed successfully
synth_design: Time (s): cpu = 00:00:31 ; elapsed = 00:00:29 . Memory (MB): peak = 2836.438 ; gain = 1182.016 ; free physical = 1331 ; free virtual = 25518
INFO: [Common 17-2834] synth_design peak Physical Memory [PSS] (MB): overall = 1969.294; main = 1897.240; forked = 273.866
INFO: [Common 17-2834] synth_design peak Virtual Memory [VSS] (MB): overall = 3607.496; main = 2836.406; forked = 995.930
Write ShapeDB Complete: Time (s): cpu = 00:00:00 ; elapsed = 00:00:00 . Memory (MB): peak = 2860.414 ; gain = 0.000 ; free physical = 1331 ; free virtual = 25518
INFO: [Common 17-1381] The checkpoint '/home/dabingster/Public/WSU/EE 324/EE-324/Project1/Project1.5.2025/Project1.5.2025.runs/synth_1/vga_wrapper.dcp' has been generated.
INFO: [Vivado 12-24828] Executing command : report_utilization -file vga_wrapper_utilization_synth.rpt -pb vga_wrapper_utilization_synth.pb
INFO: [Common 17-206] Exiting Vivado at Wed Sep 23 16:24:30 2026...
